// Jest Snapshot v1, https://goo.gl/fbAQLP

exports[`Component should show 'red' text 'Hello World' 1`] = `
<div>
  <div
    id="blogmail1"
  >
    <script
      dangerouslySetInnerHTML={
        Object {
          "__html": "{\\"newsletterId\\":\\"test\\"}",
        }
      }
      type="application/json"
    />
  </div>
</div>
`;
